Downloading https://services.gradle.org/distributions/gradle-8.4-bin.zip

Exception in thread "main" java.io.IOException: Server returned HTTP response code: 403 for URL: https://services.gradle.org/distributions/gradle-8.4-bin.zip
	at java.base/sun.net.www.protocol.http.HttpURLConnection.getInputStream0(HttpURLConnection.java:2028)
	at java.base/sun.net.www.protocol.http.HttpURLConnection.getInputStream(HttpURLConnection.java:1629)
	at java.base/sun.net.www.protocol.https.HttpsURLConnectionImpl.getInputStream(HttpsURLConnectionImpl.java:223)
	at org.gradle.wrapper.Download.downloadInternal(Download.java:129)
	at org.gradle.wrapper.Download.download(Download.java:109)
	at org.gradle.wrapper.Install.forceFetch(Install.java:171)
	at org.gradle.wrapper.Install.fetchDistribution(Install.java:104)
	at org.gradle.wrapper.Install.access$400(Install.java:46)
	at org.gradle.wrapper.Install$1.call(Install.java:81)
	at org.gradle.wrapper.Install$1.call(Install.java:68)
	at org.gradle.wrapper.ExclusiveFileAccessManager.access(ExclusiveFileAccessManager.java:69)
	at org.gradle.wrapper.Install.createDist(Install.java:68)
	at org.gradle.wrapper.WrapperExecutor.execute(WrapperExecutor.java:102)
	at org.gradle.wrapper.GradleWrapperMain.main(GradleWrapperMain.java:66)
